Windows PowerShell
Copyright (C) 2015 Microsoft Corporation. All rights reserved.

C:\Users\KHUMALO\Documents\GitHub [master +6 ~0 -0 !]> cd hub
C:\Users\KHUMALO\Documents\GitHub\hub [master +6 ~0 -0 !]> git config --global http.proxy http://211155098:hack%40123@10.47.2.250:3128
C:\Users\KHUMALO\Documents\GitHub\hub [master +6 ~0 -0 !]> git config --global https.proxy https://211155098:hack%40123@10.47.2.250:3128
C:\Users\KHUMALO\Documents\GitHub\hub [master +6 ~0 -0 !]> git remote add origin https://github.com/ComfortC/hub.git
fatal: remote origin already exists.
C:\Users\KHUMALO\Documents\GitHub\hub [master +6 ~0 -0 !]> git push -u origin master
git: 'credential-wincred' is not a git command. See 'git --help'.
error: src refspec master does not match any.
error: failed to push some refs to 'https://github.com/ComfortC/hub.git'
C:\Users\KHUMALO\Documents\GitHub\hub [master +6 ~0 -0 !]> git init
Initialized empty Git repository in C:/Users/KHUMALO/Documents/GitHub/hub/.git/
C:\Users\KHUMALO\Documents\GitHub\hub [master +1 ~0 -0 !]> git push -u origin master
fatal: 'origin' does not appear to be a git repository
fatal: Could not read from remote repository.

Please make sure you have the correct access rights
and the repository exists.
C:\Users\KHUMALO\Documents\GitHub\hub [master +1 ~0 -0 !]> git push -u hub master
fatal: 'hub' does not appear to be a git repository
fatal: Could not read from remote repository.

Please make sure you have the correct access rights
and the repository exists.
C:\Users\KHUMALO\Documents\GitHub\hub [master +1 ~0 -0 !]> cd ..
C:\Users\KHUMALO\Documents\GitHub [master +6 ~0 -0 !]> git clone https://github.com/angular-ui/bootstrap.git
Cloning into 'bootstrap'...
remote: Counting objects: 11028, done.
remote: Compressing objects: 100% (19/19), done.
remote: Total 11028 (delta 6), reused 0 (delta 0), pack-reused 11009
Receiving objects: 100% (11028/11028), 7.23 MiB | 1.57 MiB/s, done.
Resolving deltas: 100% (5550/5550), done.
Checking connectivity... done.
Checking out files: 100% (178/178), done.
C:\Users\KHUMALO\Documents\GitHub [master +7 ~0 -0 !]> cd hub
C:\Users\KHUMALO\Documents\GitHub\hub [master +7 ~0 -0 !]> git init
Initialized empty Git repository in C:/Users/KHUMALO/Documents/GitHub/hub/.git/
C:\Users\KHUMALO\Documents\GitHub\hub [master +1 ~0 -0 !]> ls


    Directory: C:\Users\KHUMALO\Documents\GitHub\hub


Mode                LastWriteTime         Length Name
----                -------------         ------ ----
-a----        12/1/2015  12:18 PM              0 reflections1.txt


C:\Users\KHUMALO\Documents\GitHub\hub [master +1 ~0 -0 !]> git status
On branch master

Initial commit

Untracked files:
  (use "git add <file>..." to include in what will be committed)

        reflections1.txt

nothing added to commit but untracked files present (use "git add" to track)
C:\Users\KHUMALO\Documents\GitHub\hub [master +1 ~0 -0 !]> git add reflections1.txt
C:\Users\KHUMALO\Documents\GitHub\hub [master +1 ~0 -0]> git status
On branch master

Initial commit

Changes to be committed:
  (use "git rm --cached <file>..." to unstage)

        new file:   reflections1.txt

C:\Users\KHUMALO\Documents\GitHub\hub [master +1 ~0 -0]> git commit
[master (root-commit) 2f8c7c2] Added firstfile reflections1.txt
 1 file changed, 0 insertions(+), 0 deletions(-)
 create mode 100644 reflections1.txt
C:\Users\KHUMALO\Documents\GitHub\hub [master]> git log
commit 2f8c7c2b98bc36c4cb3dd5783f38aa25ead1ecee
Author: ComfortC <chinondiwanacom@gmail.com>
Date:   Tue Dec 1 12:20:19 2015 +0200

    Added firstfile reflections1.txt
C:\Users\KHUMALO\Documents\GitHub\hub [master]> git remote
C:\Users\KHUMALO\Documents\GitHub\hub [master]> git remote add origin https://github.com/ComfortC/hub.git
C:\Users\KHUMALO\Documents\GitHub\hub [master]> git remote
origin
C:\Users\KHUMALO\Documents\GitHub\hub [master]> git remote -v
origin  https://github.com/ComfortC/hub.git (fetch)
origin  https://github.com/ComfortC/hub.git (push)
C:\Users\KHUMALO\Documents\GitHub\hub [master]> git push origin master
git: 'credential-wincred' is not a git command. See 'git --help'.
Counting objects: 3, done.
Writing objects: 100% (3/3), 237 bytes | 0 bytes/s, done.
Total 3 (delta 0), reused 0 (delta 0)
To https://github.com/ComfortC/hub.git
 * [new branch]      master -> master
C:\Users\KHUMALO\Documents\GitHub\hub [master]> git log
commit 2f8c7c2b98bc36c4cb3dd5783f38aa25ead1ecee
Author: ComfortC <chinondiwanacom@gmail.com>
Date:   Tue Dec 1 12:20:19 2015 +0200

    Added firstfile reflections1.txt
C:\Users\KHUMALO\Documents\GitHub\hub [master]> git pull origin master
remote: Counting objects: 3, done.
remote: Compressing objects: 100% (2/2), done.
remote: Total 3 (delta 0), reused 0 (delta 0), pack-reused 0
Unpacking objects: 100% (3/3), done.
From https://github.com/ComfortC/hub
 * branch            master     -> FETCH_HEAD
   2f8c7c2..a94e87d  master     -> origin/master
Updating 2f8c7c2..a94e87d
Fast-forward
 file2.txt | 1 +
 1 file changed, 1 insertion(+)
 create mode 100644 file2.txt
C:\Users\KHUMALO\Documents\GitHub\hub [master]> git log
commit a94e87dd8fb75d521c28cd3b3cdc1ee1eb9106b3
Author: ComfortC <chinondiwanacom@gmail.com>
Date:   Tue Dec 1 12:29:11 2015 +0200

    file2.txt created

commit 2f8c7c2b98bc36c4cb3dd5783f38aa25ead1ecee
Author: ComfortC <chinondiwanacom@gmail.com>
Date:   Tue Dec 1 12:20:19 2015 +0200

    Added firstfile reflections1.txt
C:\Users\KHUMALO\Documents\GitHub\hub [master]> cd ..
C:\Users\KHUMALO\Documents\GitHub [master +7 ~0 -0 !]> git clone https://github.com/ComfortC/recipes.git
Cloning into 'recipes'...
remote: Counting objects: 19, done.
remote: Total 19 (delta 0), reused 0 (delta 0), pack-reused 19
Unpacking objects: 100% (19/19), done.
Checking connectivity... done.
C:\Users\KHUMALO\Documents\GitHub [master +7 ~0 -0 !]> cd recipes
C:\Users\KHUMALO\Documents\GitHub\recipes [master]> git remote -v
origin  https://github.com/ComfortC/recipes.git (fetch)
origin  https://github.com/ComfortC/recipes.git (push)
C:\Users\KHUMALO\Documents\GitHub\recipes [master]> git status
On branch master
Your branch is up-to-date with 'origin/master'.

Changes not staged for commit:
  (use "git add <file>..." to update what will be committed)
  (use "git checkout -- <file>..." to discard changes in working directory)

        modified:   chili-recipe.txt

Untracked files:
  (use "git add <file>..." to include in what will be committed)

        cakes.txt

no changes added to commit (use "git add" and/or "git commit -a")
C:\Users\KHUMALO\Documents\GitHub\recipes [master +1 ~1 -0 !]> git status
On branch master
Your branch is up-to-date with 'origin/master'.

Changes not staged for commit:
  (use "git add <file>..." to update what will be committed)
  (use "git checkout -- <file>..." to discard changes in working directory)

        modified:   chili-recipe.txt

no changes added to commit (use "git add" and/or "git commit -a")
C:\Users\KHUMALO\Documents\GitHub\recipes [master +0 ~1 -0]> git add chili-recipe.txt
C:\Users\KHUMALO\Documents\GitHub\recipes [master +0 ~1 -0]> git commit
[master 4fe797b] Changed Back to Original
 1 file changed, 1 insertion(+), 1 deletion(-)
C:\Users\KHUMALO\Documents\GitHub\recipes [master]> git log
commit 4fe797bfefc29b54c735897fe0bee087240b14d7
Author: ComfortC <chinondiwanacom@gmail.com>
Date:   Tue Dec 1 12:48:19 2015 +0200

    Changed Back to Original

commit ed2378a39e6c7cf493cdbf348b98763eeb84e0a2
Author: ComfortC <chinondiwanacom@gmail.com>
Date:   Fri Nov 13 00:31:11 2015 +0200

    Changed garlic to Onions

commit c19e27829d4b273e48c0a89453a798bc21df5928
Author: ComfortC <chinondiwanacom@gmail.com>
Date:   Fri Nov 13 00:14:11 2015 +0200

    Add Chicken  Recipe

commit a6a2f991a1bb60e1dec7c5d68c8393b70ea6f7f6
Author: Larry Madrigal <larry@udacity.com>
Date:   Thu Sep 25 11:08:27 2014 -0700

    Add a chili recipe

commit b36125034401bc8c6d3984c032f400f157a32c48
Author: Larry Madrigal <larry@udacity.com>
Date:   Thu Sep 25 11:08:01 2014 -0700

    Add a cake and frosting recipe

commit 2050b371fa487cb82e11e3b58d19edc92a19efc8
Author: Larry Madrigal <larry@udacity.com>
Date:   Thu Sep 25 10:38:53 2014 -0700

    Add content to README

commit 267c56d191a37aa1f412cdb7c07721bb9a12b54f
Author: Larry Madrigal <larry@udacity.com>
Date:   Thu Sep 25 10:38:11 2014 -0700

    Initial commit
C:\Users\KHUMALO\Documents\GitHub\recipes [master]> git push origin master
git: 'credential-wincred' is not a git command. See 'git --help'.
Counting objects: 5, done.
Delta compression using up to 2 threads.
Compressing objects: 100% (3/3), done.
Writing objects: 100% (3/3), 308 bytes | 0 bytes/s, done.
Total 3 (delta 2), reused 0 (delta 0)
To https://github.com/ComfortC/recipes.git
   ed2378a..4fe797b  master -> master
C:\Users\KHUMALO\Documents\GitHub\recipes [master]> git diff
diff --git a/chili-recipe.txt b/chili-recipe.txt
index 1169154..41c53ed 100644
--- a/chili-recipe.txt
+++ b/chili-recipe.txt
@@ -13,7 +13,7 @@ Ingredients:

 Directions:
  1. Brown the ground beef in a large bot and drain off the excess fat.
- 2. Add the tomato sauce, chili powder, cumin, oregano, salt, and cayenne.
+ 2. Add the tomato sauce, portugese spice, cumin, oregano, salt, and cayenne.
  3. Stir, then cover and simmer over low heat for one hour.
  4. Mix the corn flour and 1/2 cup water in a small bowl.  Add to chili.
  5. Add the beans and simmer for 10 more minutes.
C:\Users\KHUMALO\Documents\GitHub\recipes [master +0 ~1 -0]> git diff
diff --git a/chili-recipe.txt b/chili-recipe.txt
index 1169154..6545ad9 100644
--- a/chili-recipe.txt
+++ b/chili-recipe.txt
@@ -7,13 +7,14 @@ Ingredients:
  - 1 teaspoon ground oregano
  - 1 teaspoon salt
  - 1/4 teaspoon cayenne pepper
+ - 1 teaspoon portugese spice
  - 1/4 cup corn flour
  - One 15-ounce can kidney beans, drained and rinsed
  - One 15-ounce can pinto beans, drained and rinsed

 Directions:
  1. Brown the ground beef in a large bot and drain off the excess fat.
- 2. Add the tomato sauce, chili powder, cumin, oregano, salt, and cayenne.
+ 2. Add the tomato sauce, portugese spice, cumin, oregano, salt, and cayenne.
  3. Stir, then cover and simmer over low heat for one hour.
  4. Mix the corn flour and 1/2 cup water in a small bowl.  Add to chili.
  5. Add the beans and simmer for 10 more minutes.
C:\Users\KHUMALO\Documents\GitHub\recipes [master +0 ~1 -0]> git status
On branch master
Your branch is up-to-date with 'origin/master'.

Changes not staged for commit:
  (use "git add <file>..." to update what will be committed)
  (use "git checkout -- <file>..." to discard changes in working directory)

        modified:   chili-recipe.txt

no changes added to commit (use "git add" and/or "git commit -a")
C:\Users\KHUMALO\Documents\GitHub\recipes [master +0 ~1 -0]> git add chili-recipe.txt
C:\Users\KHUMALO\Documents\GitHub\recipes [master +0 ~1 -0]> git commit
[master 493adce] Added portugese spice
 1 file changed, 2 insertions(+), 1 deletion(-)
C:\Users\KHUMALO\Documents\GitHub\recipes [master]> git status
On branch master
Your branch is ahead of 'origin/master' by 1 commit.
  (use "git push" to publish your local commits)

nothing to commit, working directory clean
C:\Users\KHUMALO\Documents\GitHub\recipes [master]> cd ..
C:\Users\KHUMALO\Documents\GitHub [master +8 ~0 -0 !]> ls


    Directory: C:\Users\KHUMALO\Documents\GitHub


Mode                LastWriteTime         Length Name
----                -------------         ------ ----
d-----       11/29/2015   7:12 PM                Ajax
d-----       11/15/2015   1:02 AM                asteroids
d-----        12/1/2015  12:15 PM                bootstrap
d-----        12/1/2015  12:30 PM                hub
d-----       11/15/2015   1:07 AM                pappu-pakia
d-----        12/1/2015  12:47 PM                recipes
d-----       11/12/2015  11:49 PM                repository
-a----        12/1/2015   1:03 PM           3046 sarah_changes.sh


C:\Users\KHUMALO\Documents\GitHub [master +8 ~0 -0 !]> bash sarah_changes.sh https://github.com/ComfortC/recipes.git
Cloning into 'recipes'...
remote: Counting objects: 20, done.
remote: Total 20 (delta 0), reused 0 (delta 0), pack-reused 19
Unpacking objects: 100% (20/20), done.
Checking connectivity... done.
warning: LF will be replaced by CRLF in chili-recipe.txt.
The file will have its original line endings in your working directory.
[master warning: LF will be replaced by CRLF in chili-recipe.txt.
The file will have its original line endings in your working directory.
a8852fb] Remove cumin from chili
warning: LF will be replaced by CRLF in chili-recipe.txt.
The file will have its original line endings in your working directory.
 1 file changed, 1 insertion(+), 2 deletions(-)
git: 'credential-wincred' is not a git command. See 'git --help'.
Counting objects: 5, done.
Delta compression using up to 2 threads.
Compressing objects: 100% (3/3), done.
Writing objects: 100% (3/3), 308 bytes | 0 bytes/s, done.
Total 3 (delta 2), reused 0 (delta 0)
To https://github.com/ComfortC/recipes.git
   4fe797b..a8852fb  master -> master
C:\Users\KHUMALO\Documents\GitHub [master +8 ~0 -0 !]> git log
fatal: bad default revision 'HEAD'
C:\Users\KHUMALO\Documents\GitHub [master +8 ~0 -0 !]> cd recipes
C:\Users\KHUMALO\Documents\GitHub\recipes [master]> git log
commit 493adcefb6a8061e09ae959f59105f052af33019
Author: ComfortC <chinondiwanacom@gmail.com>
Date:   Tue Dec 1 13:01:06 2015 +0200

    Added portugese spice

commit 4fe797bfefc29b54c735897fe0bee087240b14d7
Author: ComfortC <chinondiwanacom@gmail.com>
Date:   Tue Dec 1 12:48:19 2015 +0200

    Changed Back to Original

commit ed2378a39e6c7cf493cdbf348b98763eeb84e0a2
Author: ComfortC <chinondiwanacom@gmail.com>
Date:   Fri Nov 13 00:31:11 2015 +0200

    Changed garlic to Onions

commit c19e27829d4b273e48c0a89453a798bc21df5928
Author: ComfortC <chinondiwanacom@gmail.com>
Date:   Fri Nov 13 00:14:11 2015 +0200

    Add Chicken  Recipe

commit a6a2f991a1bb60e1dec7c5d68c8393b70ea6f7f6
Author: Larry Madrigal <larry@udacity.com>
Date:   Thu Sep 25 11:08:27 2014 -0700

    Add a chili recipe

commit b36125034401bc8c6d3984c032f400f157a32c48
Author: Larry Madrigal <larry@udacity.com>
Date:   Thu Sep 25 11:08:01 2014 -0700

    Add a cake and frosting recipe

commit 2050b371fa487cb82e11e3b58d19edc92a19efc8
Author: Larry Madrigal <larry@udacity.com>
Date:   Thu Sep 25 10:38:53 2014 -0700

    Add content to README

C:\Users\KHUMALO\Documents\GitHub\recipes [master]> git fetch origin
remote: Counting objects: 3, done.
remote: Compressing objects: 100% (1/1), done.
remote: Total 3 (delta 2), reused 3 (delta 2), pack-reused 0
Unpacking objects: 100% (3/3), done.
From https://github.com/ComfortC/recipes
   4fe797b..a8852fb  master     -> origin/master
C:\Users\KHUMALO\Documents\GitHub\recipes [master]> git log origin/master
commit a8852fb5be16c7c6235e7aeb9422715e35337dae
Author: Sarah Spikes <sarah+github@udacity.com>
Date:   Tue Dec 1 13:05:48 2015 +0200

    Remove cumin from chili

commit 4fe797bfefc29b54c735897fe0bee087240b14d7
Author: ComfortC <chinondiwanacom@gmail.com>
Date:   Tue Dec 1 12:48:19 2015 +0200

    Changed Back to Original

commit ed2378a39e6c7cf493cdbf348b98763eeb84e0a2
Author: ComfortC <chinondiwanacom@gmail.com>
Date:   Fri Nov 13 00:31:11 2015 +0200

    Changed garlic to Onions

commit c19e27829d4b273e48c0a89453a798bc21df5928
Author: ComfortC <chinondiwanacom@gmail.com>
Date:   Fri Nov 13 00:14:11 2015 +0200

    Add Chicken  Recipe

commit a6a2f991a1bb60e1dec7c5d68c8393b70ea6f7f6
Author: Larry Madrigal <larry@udacity.com>
Date:   Thu Sep 25 11:08:27 2014 -0700

    Add a chili recipe

commit b36125034401bc8c6d3984c032f400f157a32c48
Author: Larry Madrigal <larry@udacity.com>
Date:   Thu Sep 25 11:08:01 2014 -0700

    Add a cake and frosting recipe

commit 2050b371fa487cb82e11e3b58d19edc92a19efc8
Author: Larry Madrigal <larry@udacity.com>
Date:   Thu Sep 25 10:38:53 2014 -0700

    Add content to README

C:\Users\KHUMALO\Documents\GitHub\recipes [master]> git status
On branch master
Your branch and 'origin/master' have diverged,
and have 1 and 1 different commit each, respectively.
  (use "git pull" to merge the remote branch into yours)

nothing to commit, working directory clean
C:\Users\KHUMALO\Documents\GitHub\recipes [master]> git log master
commit 493adcefb6a8061e09ae959f59105f052af33019
Author: ComfortC <chinondiwanacom@gmail.com>
Date:   Tue Dec 1 13:01:06 2015 +0200

    Added portugese spice

commit 4fe797bfefc29b54c735897fe0bee087240b14d7
Author: ComfortC <chinondiwanacom@gmail.com>
Date:   Tue Dec 1 12:48:19 2015 +0200

    Changed Back to Original

commit ed2378a39e6c7cf493cdbf348b98763eeb84e0a2
Author: ComfortC <chinondiwanacom@gmail.com>
Date:   Fri Nov 13 00:31:11 2015 +0200

    Changed garlic to Onions

commit c19e27829d4b273e48c0a89453a798bc21df5928
Author: ComfortC <chinondiwanacom@gmail.com>
Date:   Fri Nov 13 00:14:11 2015 +0200

    Add Chicken  Recipe

commit a6a2f991a1bb60e1dec7c5d68c8393b70ea6f7f6
Author: Larry Madrigal <larry@udacity.com>
Date:   Thu Sep 25 11:08:27 2014 -0700

    Add a chili recipe

commit b36125034401bc8c6d3984c032f400f157a32c48
Author: Larry Madrigal <larry@udacity.com>
Date:   Thu Sep 25 11:08:01 2014 -0700

    Add a cake and frosting recipe

commit 2050b371fa487cb82e11e3b58d19edc92a19efc8
Author: Larry Madrigal <larry@udacity.com>
Date:   Thu Sep 25 10:38:53 2014 -0700

    Add content to README

C:\Users\KHUMALO\Documents\GitHub\recipes [master]> git merge master origin/master
Auto-merging chili-recipe.txt
CONFLICT (content): Merge conflict in chili-recipe.txt
Automatic merge failed; fix conflicts and then commit the result.
C:\Users\KHUMALO\Documents\GitHub\recipes [master +0 ~0 -0 !1 | +0 ~0 -0 !1]> git add chili-recipe.txt
C:\Users\KHUMALO\Documents\GitHub\recipes [master +0 ~1 -0]> git commit
[master fbce094] Merge remote-tracking branch 'origin/master'
C:\Users\KHUMALO\Documents\GitHub\recipes [master]> git pull origin master
From https://github.com/ComfortC/recipes
 * branch            master     -> FETCH_HEAD
Already up-to-date.
C:\Users\KHUMALO\Documents\GitHub\recipes [master]> git push origin master
git: 'credential-wincred' is not a git command. See 'git --help'.
Counting objects: 10, done.
Delta compression using up to 2 threads.
Compressing objects: 100% (6/6), done.
Writing objects: 100% (6/6), 743 bytes | 0 bytes/s, done.
Total 6 (delta 4), reused 0 (delta 0)
To https://github.com/ComfortC/recipes.git
   a8852fb..fbce094  master -> master
C:\Users\KHUMALO\Documents\GitHub\recipes [master]> git status
On branch master
Your branch is up-to-date with 'origin/master'.

nothing to commit, working directory clean
C:\Users\KHUMALO\Documents\GitHub\recipes [master]> git log
commit fbce0940c3e69efb62b9de56b9058bd2e2abf265
Merge: 493adce a8852fb
Author: ComfortC <chinondiwanacom@gmail.com>
Date:   Tue Dec 1 13:25:43 2015 +0200

    Merge remote-tracking branch 'origin/master'

    Conflicts:
        chili-recipe.txt

commit a8852fb5be16c7c6235e7aeb9422715e35337dae
Author: Sarah Spikes <sarah+github@udacity.com>
Date:   Tue Dec 1 13:05:48 2015 +0200

    Remove cumin from chili

commit 493adcefb6a8061e09ae959f59105f052af33019
Author: ComfortC <chinondiwanacom@gmail.com>
Date:   Tue Dec 1 13:01:06 2015 +0200

    Added portugese spice

commit 4fe797bfefc29b54c735897fe0bee087240b14d7
Author: ComfortC <chinondiwanacom@gmail.com>
Date:   Tue Dec 1 12:48:19 2015 +0200

    Changed Back to Original

commit ed2378a39e6c7cf493cdbf348b98763eeb84e0a2
Author: ComfortC <chinondiwanacom@gmail.com>
Date:   Fri Nov 13 00:31:11 2015 +0200

    Changed garlic to Onions

commit c19e27829d4b273e48c0a89453a798bc21df5928
Author: ComfortC <chinondiwanacom@gmail.com>
Date:   Fri Nov 13 00:14:11 2015 +0200

    Add Chicken  Recipe

commit a6a2f991a1bb60e1dec7c5d68c8393b70ea6f7f6
Author: Larry Madrigal <larry@udacity.com>
C:\Users\KHUMALO\Documents\GitHub\recipes [master +0 ~1 -0]> git branch different-oil
C:\Users\KHUMALO\Documents\GitHub\recipes [master +0 ~1 -0]> git checkout different-oil
M       chili-recipe.txt
Switched to branch 'different-oil'
C:\Users\KHUMALO\Documents\GitHub\recipes [different-oil +0 ~1 -0]> git status
On branch different-oil
Changes not staged for commit:
  (use "git add <file>..." to update what will be committed)
  (use "git checkout -- <file>..." to discard changes in working directory)

        modified:   cake-recipe.txt
        modified:   chili-recipe.txt

no changes added to commit (use "git add" and/or "git commit -a")
C:\Users\KHUMALO\Documents\GitHub\recipes [different-oil +0 ~2 -0]> git add cake-recipe.txt
C:\Users\KHUMALO\Documents\GitHub\recipes [different-oil +0 ~1 -0 | +0 ~1 -0]> git commit
[different-oil 1c306c9] Added canola oil
 1 file changed, 1 insertion(+), 1 deletion(-)
C:\Users\KHUMALO\Documents\GitHub\recipes [different-oil +0 ~1 -0]> git push origin different-oil
git: 'credential-wincred' is not a git command. See 'git --help'.
Counting objects: 5, done.
Delta compression using up to 2 threads.
Compressing objects: 100% (3/3), done.
Writing objects: 100% (3/3), 298 bytes | 0 bytes/s, done.
Total 3 (delta 2), reused 0 (delta 0)
To https://github.com/ComfortC/recipes.git
 * [new branch]      different-oil -> different-oil
C:\Users\KHUMALO\Documents\GitHub\recipes [different-oil +0 ~1 -0]> cd ..
C:\Users\KHUMALO\Documents\GitHub [master +9 ~0 -0 !]> bash sarah_changes_2.sh https://github.com/ComfortC/recipes.git
Cloning into 'recipes'...
remote: Counting objects: 32, done.
remote: Compressing objects: 100% (11/11), done.
remote: Total 32 (delta 4), reused 0 (delta 0), pack-reused 21
Unpacking objects: 100% (32/32), done.
Checking connectivity... done.
warning: LF will be replaced by CRLF in cake-recipe.txt.
The file will have its original line endings in your working directory.
[master warning: LF will be replaced by CRLF in cake-recipe.txt.
The file will have its original line endings in your working directory.
e6bf820] Merge pull request from more-oil
warning: LF will be replaced by CRLF in cake-recipe.txt.
The file will have its original line endings in your working directory.
 1 file changed, 1 insertion(+), 1 deletion(-)
git: 'credential-wincred' is not a git command. See 'git --help'.
Counting objects: 7, done.
Delta compression using up to 2 threads.
Compressing objects: 100% (3/3), done.
Writing objects: 100% (3/3), 339 bytes | 0 bytes/s, done.
Total 3 (delta 2), reused 0 (delta 0)
To https://github.com/ComfortC/recipes.git
   fbce094..e6bf820  master -> master
C:\Users\KHUMALO\Documents\GitHub [master +9 ~0 -0 !]> git cd recipes
git: 'cd' is not a git command. See 'git --help'.

Did you mean this?
        co
C:\Users\KHUMALO\Documents\GitHub [master +9 ~0 -0 !]> cd recipes
C:\Users\KHUMALO\Documents\GitHub\recipes [different-oil +0 ~1 -0]> git log
commit 1c306c9647bc52660968508786720dc7238c6b91
Author: ComfortC <chinondiwanacom@gmail.com>
Date:   Tue Dec 1 13:37:40 2015 +0200

    Added canola oil

commit fbce0940c3e69efb62b9de56b9058bd2e2abf265
Merge: 493adce a8852fb
Author: ComfortC <chinondiwanacom@gmail.com>
Date:   Tue Dec 1 13:25:43 2015 +0200

    Merge remote-tracking branch 'origin/master'

    Conflicts:
        chili-recipe.txt

commit a8852fb5be16c7c6235e7aeb9422715e35337dae
Author: Sarah Spikes <sarah+github@udacity.com>
Date:   Tue Dec 1 13:05:48 2015 +0200

    Remove cumin from chili

commit 493adcefb6a8061e09ae959f59105f052af33019
Author: ComfortC <chinondiwanacom@gmail.com>
Date:   Tue Dec 1 13:01:06 2015 +0200

    Added portugese spice

commit 4fe797bfefc29b54c735897fe0bee087240b14d7
Author: ComfortC <chinondiwanacom@gmail.com>
Date:   Tue Dec 1 12:48:19 2015 +0200

    Changed Back to Original

commit ed2378a39e6c7cf493cdbf348b98763eeb84e0a2
Author: ComfortC <chinondiwanacom@gmail.com>
Date:   Fri Nov 13 00:31:11 2015 +0200

    Changed garlic to Onions

commit c19e27829d4b273e48c0a89453a798bc21df5928
Author: ComfortC <chinondiwanacom@gmail.com>
C:\Users\KHUMALO\Documents\GitHub\recipes [different-oil +0 ~1 -0]> git checkout master
M       chili-recipe.txt
Switched to branch 'master'
Your branch is up-to-date with 'origin/master'.
C:\Users\KHUMALO\Documents\GitHub\recipes [master +0 ~1 -0]> git status
On branch master
Your branch is up-to-date with 'origin/master'.

Changes not staged for commit:
  (use "git add <file>..." to update what will be committed)
  (use "git checkout -- <file>..." to discard changes in working directory)

        modified:   chili-recipe.txt

no changes added to commit (use "git add" and/or "git commit -a")
C:\Users\KHUMALO\Documents\GitHub\recipes [master +0 ~1 -0]> git log
commit fbce0940c3e69efb62b9de56b9058bd2e2abf265
Merge: 493adce a8852fb
Author: ComfortC <chinondiwanacom@gmail.com>
Date:   Tue Dec 1 13:25:43 2015 +0200

    Merge remote-tracking branch 'origin/master'

    Conflicts:
        chili-recipe.txt

commit a8852fb5be16c7c6235e7aeb9422715e35337dae
Author: Sarah Spikes <sarah+github@udacity.com>
Date:   Tue Dec 1 13:05:48 2015 +0200

    Remove cumin from chili

commit 493adcefb6a8061e09ae959f59105f052af33019
Author: ComfortC <chinondiwanacom@gmail.com>
Date:   Tue Dec 1 13:01:06 2015 +0200

    Added portugese spice

commit 4fe797bfefc29b54c735897fe0bee087240b14d7
Author: ComfortC <chinondiwanacom@gmail.com>
Date:   Tue Dec 1 12:48:19 2015 +0200

    Changed Back to Original

commit ed2378a39e6c7cf493cdbf348b98763eeb84e0a2
Author: ComfortC <chinondiwanacom@gmail.com>
Date:   Fri Nov 13 00:31:11 2015 +0200

    Changed garlic to Onions

commit c19e27829d4b273e48c0a89453a798bc21df5928
Author: ComfortC <chinondiwanacom@gmail.com>
Date:   Fri Nov 13 00:14:11 2015 +0200

    Add Chicken  Recipe

commit a6a2f991a1bb60e1dec7c5d68c8393b70ea6f7f6
Author: Larry Madrigal <larry@udacity.com>
C:\Users\KHUMALO\Documents\GitHub\recipes [master +0 ~1 -0]> git pull origin master
remote: Counting objects: 3, done.
Unpacking objects: 100% (3/3), done./1)
remote: Compressing objects: 100% (1/1), done.
remote: Total 3 (delta 2), reused 3 (delta 2), pack-reused 0
From https://github.com/ComfortC/recipes
 * branch            master     -> FETCH_HEAD
   fbce094..e6bf820  master     -> origin/master
Updating fbce094..e6bf820
Fast-forward
 cake-recipe.txt | 2 +-
 1 file changed, 1 insertion(+), 1 deletion(-)
C:\Users\KHUMALO\Documents\GitHub\recipes [master +0 ~1 -0]> git log
commit e6bf8204b1e67477cd9e6684dfe485413cb404d4
Author: Sarah Spikes <sarah+github@udacity.com>
Date:   Tue Dec 1 14:49:25 2015 +0200

    Merge pull request from more-oil

    Add more oil so the cake is more moist!

commit fbce0940c3e69efb62b9de56b9058bd2e2abf265
Merge: 493adce a8852fb
Author: ComfortC <chinondiwanacom@gmail.com>
Date:   Tue Dec 1 13:25:43 2015 +0200

    Merge remote-tracking branch 'origin/master'

    Conflicts:
        chili-recipe.txt

commit a8852fb5be16c7c6235e7aeb9422715e35337dae
Author: Sarah Spikes <sarah+github@udacity.com>
Date:   Tue Dec 1 13:05:48 2015 +0200

    Remove cumin from chili

commit 493adcefb6a8061e09ae959f59105f052af33019
Author: ComfortC <chinondiwanacom@gmail.com>
Date:   Tue Dec 1 13:01:06 2015 +0200

    Added portugese spice

commit 4fe797bfefc29b54c735897fe0bee087240b14d7
Author: ComfortC <chinondiwanacom@gmail.com>
Date:   Tue Dec 1 12:48:19 2015 +0200

    Changed Back to Original

commit ed2378a39e6c7cf493cdbf348b98763eeb84e0a2
Author: ComfortC <chinondiwanacom@gmail.com>
Date:   Fri Nov 13 00:31:11 2015 +0200

    Changed garlic to Onions

C:\Users\KHUMALO\Documents\GitHub\recipes [master +0 ~1 -0]> git merge master different-oil
Auto-merging cake-recipe.txt
CONFLICT (content): Merge conflict in cake-recipe.txt
Automatic merge failed; fix conflicts and then commit the result.
C:\Users\KHUMALO\Documents\GitHub\recipes [master +0 ~0 -0 !1 | +0 ~1 -0 !1]> git add cake-recipe.txt
C:\Users\KHUMALO\Documents\GitHub\recipes [master +0 ~1 -0 | +0 ~1 -0]> git commit
[master d2f82e7] Merge branch 'different-oil'
C:\Users\KHUMALO\Documents\GitHub\recipes [master +0 ~1 -0]> git log
commit d2f82e7a62c148930c336f68b604b4f97c519248
Merge: e6bf820 1c306c9
Author: ComfortC <chinondiwanacom@gmail.com>
Date:   Tue Dec 1 15:01:16 2015 +0200

    Merge branch 'different-oil'

    Conflicts:
        cake-recipe.txt

commit e6bf8204b1e67477cd9e6684dfe485413cb404d4
Author: Sarah Spikes <sarah+github@udacity.com>
Date:   Tue Dec 1 14:49:25 2015 +0200

    Merge pull request from more-oil

    Add more oil so the cake is more moist!

commit 1c306c9647bc52660968508786720dc7238c6b91
Author: ComfortC <chinondiwanacom@gmail.com>
Date:   Tue Dec 1 13:37:40 2015 +0200

    Added canola oil

commit fbce0940c3e69efb62b9de56b9058bd2e2abf265
Merge: 493adce a8852fb
Author: ComfortC <chinondiwanacom@gmail.com>
Date:   Tue Dec 1 13:25:43 2015 +0200

    Merge remote-tracking branch 'origin/master'

    Conflicts:
        chili-recipe.txt

commit a8852fb5be16c7c6235e7aeb9422715e35337dae
Author: Sarah Spikes <sarah+github@udacity.com>
Date:   Tue Dec 1 13:05:48 2015 +0200

    Remove cumin from chili

commit 493adcefb6a8061e09ae959f59105f052af33019
Author: ComfortC <chinondiwanacom@gmail.com>
C:\Users\KHUMALO\Documents\GitHub\recipes [master +0 ~1 -0]> git log
commit d2f82e7a62c148930c336f68b604b4f97c519248
Merge: e6bf820 1c306c9
Author: ComfortC <chinondiwanacom@gmail.com>
Date:   Tue Dec 1 15:01:16 2015 +0200

    Merge branch 'different-oil'

    Conflicts:
        cake-recipe.txt

commit e6bf8204b1e67477cd9e6684dfe485413cb404d4
Author: Sarah Spikes <sarah+github@udacity.com>
Date:   Tue Dec 1 14:49:25 2015 +0200

    Merge pull request from more-oil

    Add more oil so the cake is more moist!

commit 1c306c9647bc52660968508786720dc7238c6b91
Author: ComfortC <chinondiwanacom@gmail.com>
Date:   Tue Dec 1 13:37:40 2015 +0200

    Added canola oil

commit fbce0940c3e69efb62b9de56b9058bd2e2abf265
Merge: 493adce a8852fb
Author: ComfortC <chinondiwanacom@gmail.com>
Date:   Tue Dec 1 13:25:43 2015 +0200

    Merge remote-tracking branch 'origin/master'

    Conflicts:
        chili-recipe.txt

commit a8852fb5be16c7c6235e7aeb9422715e35337dae
Author: Sarah Spikes <sarah+github@udacity.com>
Date:   Tue Dec 1 13:05:48 2015 +0200

    Remove cumin from chili

commit 493adcefb6a8061e09ae959f59105f052af33019
Author: ComfortC <chinondiwanacom@gmail.com>
C:\Users\KHUMALO\Documents\GitHub\recipes [master +0 ~1 -0]> git log -n 1
commit d2f82e7a62c148930c336f68b604b4f97c519248
Merge: e6bf820 1c306c9
Author: ComfortC <chinondiwanacom@gmail.com>
Date:   Tue Dec 1 15:01:16 2015 +0200

    Merge branch 'different-oil'

    Conflicts:
        cake-recipe.txt
C:\Users\KHUMALO\Documents\GitHub\recipes [master +0 ~1 -0]>